--- nested ---
acquire 1 (total=1)
acquire 2 (total=2)
acquire 3 (total=3)
release 3 (total=2)
after inner: total=2
release 2 (total=1)
after mid: total=1
release 1 (total=0)
total=0
--- exception success ---
acquire 10 (total=1)
acquire 20 (total=2)
success path
release 20 (total=1)
release 10 (total=0)
total=0
--- exception fail ---
acquire 10 (total=1)
acquire 20 (total=2)
about to throw
release 20 (total=1)
guard: cleanup
release 10 (total=0)
caught 42 total=0
--- factory ---
acquire 50 (total=1)
made: id=50
release 50 (total=0)
final total=0
